============================= test session starts =============================
platform win32 -- Python 3.13.1, pytest-9.0.1, pluggy-1.6.0 -- C:\Python313\python.exe
cachedir: .pytest_cache
rootdir: D:\SecurityLLMLab
configfile: pytest.ini
plugins: anyio-4.9.0, langsmith-0.4.45, asyncio-1.3.0, cov-7.0.0
asyncio: mode=Mode.STRICT, debug=False, asyncio_default_fixture_loop_scope=None, asyncio_default_test_loop_scope=function
collecting ... collected 0 items / 1 error

=================================== ERRORS ====================================
_______________ ERROR collecting tests/test_api_integration.py ________________
ImportError while importing test module 'D:\SecurityLLMLab\tests\test_api_integration.py'.
Hint: make sure your test modules/packages have valid Python names.
Traceback:
C:\Users\enric\AppData\Roaming\Python\Python313\site-packages\_pytest\python.py:507: in importtestmodule
    mod = import_path(
C:\Users\enric\AppData\Roaming\Python\Python313\site-packages\_pytest\pathlib.py:587: in import_path
    importlib.import_module(module_name)
C:\Python313\Lib\importlib\__init__.py:88: in import_module
    return _bootstrap._gcd_import(name[level:], package, level)
           ^^^^^^^^^^^^^^^^^^^^^^^^^^^^^^^^^^^^^^^^^^^^^^^^^^^^
<frozen importlib._bootstrap>:1387: in _gcd_import
    ???
<frozen importlib._bootstrap>:1360: in _find_and_load
    ???
<frozen importlib._bootstrap>:1331: in _find_and_load_unlocked
    ???
<frozen importlib._bootstrap>:935: in _load_unlocked
    ???
C:\Users\enric\AppData\Roaming\Python\Python313\site-packages\_pytest\assertion\rewrite.py:197: in exec_module
    exec(co, module.__dict__)
tests\test_api_integration.py:8: in <module>
    from security_llm_lab.api.main import app
security_llm_lab\api\main.py:4: in <module>
    from .routers import alerts, logs, stats, agent, logs
security_llm_lab\api\routers\agent.py:1: in <module>
    from ..services.threat_analyzer import ThreatAnalyzer
security_llm_lab\api\services\threat_analyzer.py:1: in <module>
    from langchain.prompts import PromptTemplate
E   ModuleNotFoundError: No module named 'langchain.prompts'
============================== warnings summary ===============================
security_llm_lab\api\database.py:16
  D:\SecurityLLMLab\security_llm_lab\api\database.py:16: MovedIn20Warning: The ``declarative_base()`` function is now available as sqlalchemy.orm.declarative_base(). (deprecated since: 2.0) (Background on SQLAlchemy 2.0 at: https://sqlalche.me/e/b8d9)
    Base = declarative_base()

C:\Users\enric\AppData\Roaming\Python\Python313\site-packages\pydantic\_internal\_config.py:323
C:\Users\enric\AppData\Roaming\Python\Python313\site-packages\pydantic\_internal\_config.py:323
  C:\Users\enric\AppData\Roaming\Python\Python313\site-packages\pydantic\_internal\_config.py:323: PydanticDeprecatedSince20: Support for class-based `config` is deprecated, use ConfigDict instead. Deprecated in Pydantic V2.0 to be removed in V3.0. See Pydantic V2 Migration Guide at https://errors.pydantic.dev/2.11/migration/
    warnings.warn(DEPRECATION_MESSAGE, DeprecationWarning)

-- Docs: https://docs.pytest.org/en/stable/how-to/capture-warnings.html
=========================== short test summary info ===========================
ERROR tests/test_api_integration.py
!!!!!!!!!!!!!!!!!!! Interrupted: 1 error during collection !!!!!!!!!!!!!!!!!!!!
======================== 3 warnings, 1 error in 3.26s =========================
